[INFO] Scanning for projects...
[INFO] 
[INFO] -----< com.banking.automation:selenium-banking-demo-with-Cucumber >-----
[INFO] Building selenium-banking-demo-with-Cucumber 1.0-SNAPSHOT
[INFO]   from pom.xml
[INFO] --------------------------------[ jar ]---------------------------------
[INFO] 
[INFO] --- clean:3.2.0:clean (default-clean) @ selenium-banking-demo-with-Cucumber ---
[INFO] Deleting C:\Users\weiwe\selenium-banking-demo-with-Cucumber\target
[INFO] 
[INFO] --- resources:3.3.1:resources (default-resources) @ selenium-banking-demo-with-Cucumber ---
[INFO] skip non existing resourceDirectory C:\Users\weiwe\selenium-banking-demo-with-Cucumber\src\main\resources
[INFO] 
[INFO] --- compiler:3.13.0:compile (default-compile) @ selenium-banking-demo-with-Cucumber ---
[INFO] Recompiling the module because of changed source code.
[INFO] Compiling 3 source files with javac [debug target 17] to target\classes
[INFO] ------------------------------------------------------------------------
[INFO] BUILD SUCCESS
[INFO] ------------------------------------------------------------------------
[INFO] Total time:  1.767 s
[INFO] Finished at: 2026-01-05T17:15:19-05:00
[INFO] ------------------------------------------------------------------------
