[INFO] Scanning for projects...
[INFO] 
[INFO] -----< com.banking.automation:selenium-banking-demo-with-Cucumber >-----
[INFO] Building selenium-banking-demo-with-Cucumber 1.0-SNAPSHOT
[INFO]   from pom.xml
[INFO] --------------------------------[ jar ]---------------------------------
[INFO] 
[INFO] --- resources:3.3.1:resources (default-resources) @ selenium-banking-demo-with-Cucumber ---
[INFO] skip non existing resourceDirectory C:\Users\weiwe\selenium-banking-demo-with-Cucumber\src\main\resources
[INFO] 
[INFO] --- compiler:3.13.0:compile (default-compile) @ selenium-banking-demo-with-Cucumber ---
[INFO] Nothing to compile - all classes are up to date.
[INFO] 
[INFO] --- resources:3.3.1:testResources (default-testResources) @ selenium-banking-demo-with-Cucumber ---
[INFO] Copying 3 resources from src\test\resources to target\test-classes
[INFO] 
[INFO] --- compiler:3.13.0:testCompile (default-testCompile) @ selenium-banking-demo-with-Cucumber ---
[INFO] Recompiling the module because of changed source code.
[INFO] Compiling 6 source files with javac [debug target 17] to target\test-classes
[INFO] -------------------------------------------------------------
[ERROR] COMPILATION ERROR : 
[INFO] -------------------------------------------------------------
[ERROR] /C:/Users/weiwe/selenium-banking-demo-with-Cucumber/src/test/java/cucumber/stepdefinitions/BalanceEnquirySteps.java:[29,6] cannot find symbol
  symbol:   class And
  location: class cucumber.stepdefinitions.BalanceEnquirySteps
[INFO] 1 error
[INFO] -------------------------------------------------------------
[INFO] ------------------------------------------------------------------------
[INFO] BUILD FAILURE
[INFO] ------------------------------------------------------------------------
[INFO] Total time:  1.923 s
[INFO] Finished at: 2026-01-05T17:17:55-05:00
[INFO] ------------------------------------------------------------------------
[ERROR] Failed to execute goal org.apache.maven.plugins:maven-compiler-plugin:3.13.0:testCompile (default-testCompile) on project selenium-banking-demo-with-Cucumber: Compilation failure
[ERROR] /C:/Users/weiwe/selenium-banking-demo-with-Cucumber/src/test/java/cucumber/stepdefinitions/BalanceEnquirySteps.java:[29,6] cannot find symbol
[ERROR]   symbol:   class And
[ERROR]   location: class cucumber.stepdefinitions.BalanceEnquirySteps
[ERROR] 
[ERROR] -> [Help 1]
[ERROR] 
[ERROR] To see the full stack trace of the errors, re-run Maven with the -e switch.
[ERROR] Re-run Maven using the -X switch to enable full debug logging.
[ERROR] 
[ERROR] For more information about the errors and possible solutions, please read the following articles:
[ERROR] [Help 1] http://cwiki.apache.org/confluence/display/MAVEN/MojoFailureException
